#-----------------------------------------------------------
# Vivado v2025.1 (64-bit)
# SW Build 6140274 on Thu May 22 00:12:29 MDT 2025
# IP Build 6138677 on Thu May 22 03:10:11 MDT 2025
# SharedData Build 6139179 on Tue May 20 17:58:58 MDT 2025
# Start of session at: Tue Jun 24 21:13:22 2025
# Process ID         : 11664
# Current directory  : C:/Users/prormrxcn/Documents/led series
# Command line       : vivado.exe -gui_launcher_event rodinguilauncherevent19428 C:\Users\prormrxcn\Documents\led series\project_2.xpr
# Log file           : C:/Users/prormrxcn/Documents/led series/vivado.log
# Journal file       : C:/Users/prormrxcn/Documents/led series\vivado.jou
# Running On         : DESKTOP-0CBU63E
# Platform           : Windows Server 2016 or Windows 10
# Operating System   : 19045
# Processor Detail   : 11th Gen Intel(R) Core(TM) i5-1135G7 @ 2.40GHz
# CPU Frequency      : 2419 MHz
# CPU Physical cores : 4
# CPU Logical cores  : 8
# Host memory        : 16889 MB
# Swap memory        : 15569 MB
# Total Virtual      : 32458 MB
# Available Virtual  : 20683 MB
#-----------------------------------------------------------
start_gui
open_project {C:/Users/prormrxcn/Documents/led series/project_2.xpr}
update_compile_order -fileset sources_1
