#-----------------------------------------------------------
# Vivado v2024.2 (64-bit)
# SW Build 5239630 on Fri Nov 08 22:34:34 MST 2024
# IP Build 5239520 on Sun Nov 10 16:12:51 MST 2024
# SharedData Build 5239561 on Fri Nov 08 14:39:27 MST 2024
# Start of session at: Fri May 23 20:15:06 2025
# Process ID         : 21628
# Current directory  : /home/prormrxcn/project_2/project_2.runs/synth_1
# Command line       : vivado -log may_twenty_two.vds -product Vivado -mode batch -messageDb vivado.pb -notrace -source may_twenty_two.tcl
# Log file           : /home/prormrxcn/project_2/project_2.runs/synth_1/may_twenty_two.vds
# Journal file       : /home/prormrxcn/project_2/project_2.runs/synth_1/vivado.jou
# Running On         : prormrxcn-Inspiron-3501
# Platform           : Ubuntu
# Operating System   : Ubuntu 24.04.2 LTS
# Processor Detail   : 11th Gen Intel(R) Core(TM) i5-1135G7 @ 2.40GHz
# CPU Frequency      : 3598.054 MHz
# CPU Physical cores : 4
# CPU Logical cores  : 8
# Host memory        : 16479 MB
# Swap memory        : 4294 MB
# Total Virtual      : 20774 MB
# Available Virtual  : 15488 MB
#-----------------------------------------------------------
source may_twenty_two.tcl -notrace
